photo_note:
  - id: "01973f92-b6a3-7a7a-bb15-97b7931a8bee"
    note: "test"
